================================================================================
v1 OD_TRAD_PV Phase 1 비교 (정적 필드)
  Legacy: VSOLN.vdb
  Expected: proj_o.duckdb (42,000 IDNOs)
  Test: 500건, TOL=1e-06
================================================================================
  [   1/500] IDNO=    1683   468mo  0.0s  [PASS]
  [   2/500] IDNO=    2058    30mo  0.0s  [PASS]
  [   3/500] IDNO=    2312     7mo  0.0s  [PASS]
  [   4/500] IDNO=    3233    30mo  0.0s  [PASS]
  [   5/500] IDNO=    4274   166mo  0.0s  [PASS]
  [   6/500] IDNO=    5226   566mo  0.0s  [PASS]
  [   7/500] IDNO=    5258    30mo  0.0s  [PASS]
  [   8/500] IDNO=    5584   419mo  0.0s  [FAIL]  APLY_PREM_ACUMAMT_BNFT(1.07e+04@418)  APLY_PREM_ACUMAMT_EXP(1.07e+04@418)  SOFF_BF_TMRFND(1.07e+04@418)
  [   9/500] IDNO=    6257   433mo  0.0s  [FAIL]  APLY_PREM_ACUMAMT_BNFT(1.26e+04@432)  APLY_PREM_ACUMAMT_EXP(1.26e+04@432)  SOFF_BF_TMRFND(1.26e+04@432)
  [  10/500] IDNO=    6369   602mo  0.0s  [PASS]
  [  11/500] IDNO=    6441   638mo  0.0s  [PASS]
  [  12/500] IDNO=    6499   397mo  0.0s  [PASS]
  [  13/500] IDNO=    6965   347mo  0.0s  [PASS]
  [  14/500] IDNO=    7041    38mo  0.0s  [PASS]
  [  15/500] IDNO=    8537   529mo  0.0s  [FAIL]  APLY_PREM_ACUMAMT_BNFT(1.31e+05@528)  APLY_PREM_ACUMAMT_EXP(1.31e+05@528)  SOFF_BF_TMRFND(1.31e+05@528)
  [  16/500] IDNO=    8856   397mo  0.0s  [PASS]
  [  17/500] IDNO=    9468   637mo  0.0s  [FAIL]  APLY_PREM_ACUMAMT_BNFT(1.18e+05@636)  APLY_PREM_ACUMAMT_EXP(1.18e+05@636)  SOFF_BF_TMRFND(1.18e+05@636)
  [  18/500] IDNO=    9993   455mo  0.0s  [PASS]
  [  19/500] IDNO=   10020   349mo  0.0s  [FAIL]  APLY_PREM_ACUMAMT_BNFT(1.21e+05@348)  APLY_PREM_ACUMAMT_EXP(1.21e+05@348)  SOFF_BF_TMRFND(1.21e+05@348)
  [  20/500] IDNO=   10959    18mo  0.0s  [PASS]
  [  21/500] IDNO=   11525   443mo  0.0s  [PASS]
  [  22/500] IDNO=   11764   721mo  0.0s  [FAIL]  APLY_PREM_ACUMAMT_BNFT(1.39e+04@720)  APLY_PREM_ACUMAMT_EXP(1.39e+04@720)  SOFF_BF_TMRFND(1.39e+04@720)
  [  23/500] IDNO=   11801   623mo  0.0s  [PASS]
  [  24/500] IDNO=   14552   779mo  0.0s  [FAIL]  APLY_PREM_ACUMAMT_BNFT(5.50e+03@778)  APLY_PREM_ACUMAMT_EXP(5.50e+03@778)  SOFF_BF_TMRFND(5.50e+03@778)
  [  25/500] IDNO=   15751    30mo  0.0s  [PASS]
  [  26/500] IDNO=   16017   445mo  0.0s  [FAIL]  APLY_PREM_ACUMAMT_BNFT(4.07e+05@444)  APLY_PREM_ACUMAMT_EXP(4.07e+05@444)  SOFF_BF_TMRFND(4.07e+05@444)
  [  27/500] IDNO=   16546   713mo  0.0s  [PASS]
  [  28/500] IDNO=   16596   721mo  0.0s  [PASS]
  [  29/500] IDNO=   18415   661mo  0.0s  [FAIL]  APLY_PREM_ACUMAMT_BNFT(3.05e+05@660)  APLY_PREM_ACUMAMT_EXP(3.05e+05@660)  SOFF_BF_TMRFND(3.05e+05@660)
  [  30/500] IDNO=   19049   637mo  0.0s  [PASS]
  [  31/500] IDNO=   19065   530mo  0.0s  [FAIL]  APLY_PREM_ACUMAMT_BNFT(4.76e+04@529)  APLY_PREM_ACUMAMT_EXP(4.76e+04@529)  SOFF_BF_TMRFND(4.76e+04@529)
  [  32/500] IDNO=   19473   599mo  0.0s  [FAIL]  APLY_PREM_ACUMAMT_BNFT(1.18e+04@598)  APLY_PREM_ACUMAMT_EXP(1.18e+04@598)  SOFF_BF_TMRFND(1.18e+04@598)
  [  33/500] IDNO=   19738   504mo  0.0s  [FAIL]  APLY_PREM_ACUMAMT_BNFT(5.38e+04@503)  APLY_PREM_ACUMAMT_EXP(5.38e+04@503)  SOFF_BF_TMRFND(5.38e+04@503)
  [  34/500] IDNO=   20312   877mo  0.0s  [PASS]
  [  35/500] IDNO=   20453   828mo  0.0s  [PASS]
  [  36/500] IDNO=   20678   671mo  0.0s  [FAIL]  APLY_PREM_ACUMAMT_BNFT(2.16e+04@670)  APLY_PREM_ACUMAMT_EXP(2.16e+04@670)  SOFF_BF_TMRFND(2.16e+04@670)
  [  37/500] IDNO=   21192   481mo  0.0s  [PASS]
  [  38/500] IDNO=   21527   839mo  0.0s  [PASS]
  [  39/500] IDNO=   21867   517mo  0.0s  [FAIL]  APLY_PREM_ACUMAMT_BNFT(1.13e+04@516)  APLY_PREM_ACUMAMT_EXP(1.13e+04@516)  SOFF_BF_TMRFND(1.13e+04@516)
  [  40/500] IDNO=   21931   383mo  0.0s  [PASS]
  [  41/500] IDNO=   22546   482mo  0.0s  [FAIL]  APLY_PREM_ACUMAMT_BNFT(5.07e+04@481)  APLY_PREM_ACUMAMT_EXP(5.07e+04@481)  SOFF_BF_TMRFND(5.07e+04@481)
  [  42/500] IDNO=   22685   755mo  0.0s  [FAIL]  APLY_PREM_ACUMAMT_BNFT(9.82e+03@754)  APLY_PREM_ACUMAMT_EXP(9.82e+03@754)  SOFF_BF_TMRFND(9.82e+03@754)
  [  43/500] IDNO=   23211   469mo  0.0s  [FAIL]  APLY_PREM_ACUMAMT_BNFT(2.61e+04@468)  APLY_PREM_ACUMAMT_EXP(2.61e+04@468)  SOFF_BF_TMRFND(2.61e+04@468)
  [  44/500] IDNO=   23399   492mo  0.0s  [PASS]
  [  45/500] IDNO=   23402   839mo  0.0s  [PASS]
  [  46/500] IDNO=   23801   741mo  0.0s  [PASS]
  [  47/500] IDNO=   23929   565mo  0.0s  [PASS]
  [  48/500] IDNO=   25786   779mo  0.0s  [PASS]
  [  49/500] IDNO=   26439   457mo  0.0s  [PASS]
  [  50/500] IDNO=   26571   672mo  0.0s  [PASS]
  [  51/500] IDNO=   26966   419mo  0.0s  [PASS]
  [  52/500] IDNO=   27102   720mo  0.0s  [PASS]
  [  53/500] IDNO=   27237   445mo  0.0s  [PASS]
  [  54/500] IDNO=   28232   769mo  0.0s  [FAIL]  APLY_PREM_ACUMAMT_BNFT(1.38e+04@768)  APLY_PREM_ACUMAMT_EXP(1.38e+04@768)  SOFF_BF_TMRFND(1.38e+04@768)
  [  55/500] IDNO=   28675   443mo  0.0s  [PASS]
  [  56/500] IDNO=   29024   527mo  0.0s  [PASS]
  [  57/500] IDNO=   29268   100mo  0.0s  [PASS]
  [  58/500] IDNO=   29345   513mo  0.0s  [PASS]
  [  59/500] IDNO=   29954   732mo  0.0s  [FAIL]  APLY_PREM_ACUMAMT_BNFT(1.15e+04@731)  APLY_PREM_ACUMAMT_EXP(1.15e+04@731)  SOFF_BF_TMRFND(1.15e+04@731)
  [  60/500] IDNO=   30145   638mo  0.0s  [PASS]
  [  61/500] IDNO=   30401   648mo  0.0s  [PASS]
  [  62/500] IDNO=   30754   673mo  0.0s  [FAIL]  APLY_PREM_ACUMAMT_BNFT(3.18e+04@672)  APLY_PREM_ACUMAMT_EXP(3.18e+04@672)  SOFF_BF_TMRFND(3.18e+04@672)
  [  63/500] IDNO=   31019   827mo  0.0s  [FAIL]  APLY_PREM_ACUMAMT_BNFT(2.71e+03@826)  APLY_PREM_ACUMAMT_EXP(2.71e+03@826)  SOFF_BF_TMRFND(2.71e+03@826)
  [  64/500] IDNO=   31022   455mo  0.0s  [FAIL]  APLY_PREM_ACUMAMT_BNFT(2.06e+05@454)  APLY_PREM_ACUMAMT_EXP(2.06e+05@454)  SOFF_BF_TMRFND(2.06e+05@454)
  [  65/500] IDNO=   31416   875mo  0.0s  [FAIL]  APLY_PREM_ACUMAMT_BNFT(2.64e+04@874)  APLY_PREM_ACUMAMT_EXP(2.64e+04@874)  SOFF_BF_TMRFND(2.64e+04@874)
  [  66/500] IDNO=   31934   695mo  0.0s  [FAIL]  APLY_PREM_ACUMAMT_BNFT(3.30e+03@694)  APLY_PREM_ACUMAMT_EXP(3.30e+03@694)  SOFF_BF_TMRFND(3.30e+03@694)
  [  67/500] IDNO=   32123   168mo  0.0s  [PASS]
  [  68/500] IDNO=   32252   444mo  0.0s  [PASS]
  [  69/500] IDNO=   33515   697mo  0.0s  [FAIL]  APLY_PREM_ACUMAMT_BNFT(2.12e+05@696)  APLY_PREM_ACUMAMT_EXP(2.12e+05@696)  SOFF_BF_TMRFND(2.12e+05@696)
  [  70/500] IDNO=   33522   758mo  0.0s  [FAIL]  APLY_PREM_ACUMAMT_BNFT(7.39e+04@757)  APLY_PREM_ACUMAMT_EXP(7.39e+04@757)  SOFF_BF_TMRFND(7.39e+04@757)
  [  71/500] IDNO=   33704   683mo  0.0s  [PASS]
  [  72/500] IDNO=   33787   839mo  0.0s  [FAIL]  APLY_PREM_ACUMAMT_BNFT(5.18e+04@838)  APLY_PREM_ACUMAMT_EXP(5.18e+04@838)  SOFF_BF_TMRFND(5.18e+04@838)
  [  73/500] IDNO=   33930   409mo  0.0s  [FAIL]  APLY_PREM_ACUMAMT_BNFT(2.61e+05@408)  APLY_PREM_ACUMAMT_EXP(2.61e+05@408)  SOFF_BF_TMRFND(2.61e+05@408)
  [  74/500] IDNO=   34064   457mo  0.0s  [FAIL]  APLY_PREM_ACUMAMT_BNFT(4.98e+04@456)  APLY_PREM_ACUMAMT_EXP(4.98e+04@456)  SOFF_BF_TMRFND(4.98e+04@456)
  [  75/500] IDNO=   34963   636mo  0.0s  [FAIL]  APLY_PREM_ACUMAMT_BNFT(4.66e+05@635)  APLY_PREM_ACUMAMT_EXP(4.66e+05@635)  SOFF_BF_TMRFND(4.66e+05@635)
  [  76/500] IDNO=   34967   636mo  0.0s  [FAIL]  APLY_PREM_ACUMAMT_BNFT(5.32e+04@635)  APLY_PREM_ACUMAMT_EXP(5.32e+04@635)  SOFF_BF_TMRFND(5.32e+04@635)
  [  77/500] IDNO=   36146   851mo  0.0s  [FAIL]  APLY_PREM_ACUMAMT_BNFT(3.08e+04@850)  APLY_PREM_ACUMAMT_EXP(3.08e+04@850)  SOFF_BF_TMRFND(3.08e+04@850)
  [  78/500] IDNO=   36904   696mo  0.0s  [FAIL]  APLY_PREM_ACUMAMT_BNFT(3.37e+03@695)  APLY_PREM_ACUMAMT_EXP(3.37e+03@695)  SOFF_BF_TMRFND(3.37e+03@695)
  [  79/500] IDNO=   36967   815mo  0.0s  [PASS]
  [  80/500] IDNO=   37035   551mo  0.0s  [FAIL]  APLY_PREM_ACUMAMT_BNFT(4.39e+05@550)  APLY_PREM_ACUMAMT_EXP(4.39e+05@550)  SOFF_BF_TMRFND(4.39e+05@550)
  [  81/500] IDNO=   37363   804mo  0.0s  [PASS]
  [  82/500] IDNO=   37442   635mo  0.0s  [FAIL]  APLY_PREM_ACUMAMT_BNFT(3.65e+04@634)  APLY_PREM_ACUMAMT_EXP(3.65e+04@634)  SOFF_BF_TMRFND(3.65e+04@634)
  [  83/500] IDNO=   39127   494mo  0.0s  [FAIL]  APLY_PREM_ACUMAMT_BNFT(6.12e+03@493)  APLY_PREM_ACUMAMT_EXP(6.12e+03@493)  SOFF_BF_TMRFND(6.12e+03@493)
  [  84/500] IDNO=   39310   551mo  0.0s  [PASS]
  [  85/500] IDNO=   39318   503mo  0.0s  [PASS]
  [  86/500] IDNO=   40289   530mo  0.0s  [FAIL]  APLY_PREM_ACUMAMT_BNFT(9.56e+04@529)  APLY_PREM_ACUMAMT_EXP(9.56e+04@529)  SOFF_BF_TMRFND(9.56e+04@529)
  [  87/500] IDNO=   40423   434mo  0.0s  [FAIL]  APLY_PREM_ACUMAMT_BNFT(6.23e+04@433)  APLY_PREM_ACUMAMT_EXP(6.23e+04@433)  SOFF_BF_TMRFND(6.23e+04@433)
  [  88/500] IDNO=   40614   840mo  0.0s  [PASS]
  [  89/500] IDNO=   40823   482mo  0.0s  [FAIL]  APLY_PREM_ACUMAMT_BNFT(7.44e+04@481)  APLY_PREM_ACUMAMT_EXP(7.44e+04@481)  SOFF_BF_TMRFND(7.44e+04@481)
  [  90/500] IDNO=   40863   635mo  0.0s  [PASS]
  [  91/500] IDNO=   41778   349mo  0.0s  [PASS]
  [  92/500] IDNO=   42809   746mo  0.0s  [PASS]
  [  93/500] IDNO=   42885   842mo  0.0s  [FAIL]  APLY_PREM_ACUMAMT_BNFT(4.38e+04@841)  APLY_PREM_ACUMAMT_EXP(4.38e+04@841)  SOFF_BF_TMRFND(4.38e+04@841)
  [  94/500] IDNO=   43270   407mo  0.0s  [FAIL]  APLY_PREM_ACUMAMT_BNFT(3.20e+05@406)  APLY_PREM_ACUMAMT_EXP(3.20e+05@406)  SOFF_BF_TMRFND(3.20e+05@406)
  [  95/500] IDNO=   43838   518mo  0.0s  [PASS]
  [  96/500] IDNO=   43927   782mo  0.0s  [FAIL]  APLY_PREM_ACUMAMT_BNFT(5.53e+03@781)  APLY_PREM_ACUMAMT_EXP(5.53e+03@781)  SOFF_BF_TMRFND(5.53e+03@781)
  [  97/500] IDNO=   44233   815mo  0.0s  [PASS]
  [  98/500] IDNO=   44356   745mo  0.0s  [PASS]
  [  99/500] IDNO=   44605   707mo  0.0s  [PASS]
  [ 100/500] IDNO=   45839   624mo  0.0s  [FAIL]  APLY_PREM_ACUMAMT_BNFT(2.47e+05@623)  APLY_PREM_ACUMAMT_EXP(2.47e+05@623)  SOFF_BF_TMRFND(2.47e+05@623)
  [ 101/500] IDNO=   45892   839mo  0.0s  [PASS]
  [ 102/500] IDNO=   47165   719mo  0.0s  [PASS]
  [ 103/500] IDNO=   47893   383mo  0.0s  [FAIL]  APLY_PREM_ACUMAMT_BNFT(1.63e+03@382)  APLY_PREM_ACUMAMT_EXP(1.63e+03@382)  SOFF_BF_TMRFND(1.63e+03@382)
  [ 104/500] IDNO=   48322   650mo  0.0s  [PASS]
  [ 105/500] IDNO=   48535   613mo  0.0s  [FAIL]  APLY_PREM_ACUMAMT_BNFT(1.15e+05@612)  APLY_PREM_ACUMAMT_EXP(1.15e+05@612)  SOFF_BF_TMRFND(1.15e+05@612)
  [ 106/500] IDNO=   48654   131mo  0.0s  [PASS]
  [ 107/500] IDNO=   49038   745mo  0.0s  [FAIL]  APLY_PREM_ACUMAMT_BNFT(7.30e+04@744)  APLY_PREM_ACUMAMT_EXP(7.30e+04@744)  SOFF_BF_TMRFND(7.30e+04@744)
  [ 108/500] IDNO=   49465   697mo  0.0s  [PASS]
  [ 109/500] IDNO=   55163   779mo  0.0s  [PASS]
  [ 110/500] IDNO=   60544   489mo  0.0s  [PASS]
  [ 111/500] IDNO=   61599   695mo  0.0s  [PASS]
  [ 112/500] IDNO=   61604   755mo  0.0s  [PASS]
  [ 113/500] IDNO=   64347   408mo  0.0s  [PASS]
  [ 114/500] IDNO=   64350   672mo  0.0s  [PASS]
  [ 115/500] IDNO=   65728   455mo  0.0s  [PASS]
  [ 116/500] IDNO=   66103   743mo  0.0s  [PASS]
  [ 117/500] IDNO=   67746   686mo  0.0s  [PASS]
  [ 118/500] IDNO=   68805   161mo  0.0s  [PASS]
  [ 119/500] IDNO=   68999   515mo  0.0s  [PASS]
  [ 120/500] IDNO=   70647   480mo  0.0s  [PASS]
  [ 121/500] IDNO=   72408   163mo  0.0s  [PASS]
  [ 122/500] IDNO=   72945    30mo  0.0s  [PASS]
  [ 123/500] IDNO=   86608    43mo  0.0s  [PASS]
  [ 124/500] IDNO=   95617   479mo  0.0s  [PASS]
  [ 125/500] IDNO=  107809   161mo  0.0s  [FAIL]  ACUM_NPREM(8.94e+00@0)  APLY_PREM_ACUMAMT_BNFT(5.08e+01@160)  APLY_PREM_ACUMAMT_EXP(5.08e+01@160)
  [ 126/500] IDNO=  114592   162mo  0.0s  [PASS]
  [ 127/500] IDNO=  118450    14mo  0.0s  [PASS]
  [ 128/500] IDNO=  121767   103mo  0.0s  [PASS]
  [ 129/500] IDNO=  132623     7mo  0.0s  [PASS]
  [ 130/500] IDNO=  135711   169mo  0.0s  [PASS]
  [ 131/500] IDNO=  136350   218mo  0.0s  [PASS]
  [ 132/500] IDNO=  136841   164mo  0.0s  [PASS]
  [ 133/500] IDNO=  136935   374mo  0.0s  [FAIL]  APLY_PREM_ACUMAMT_BNFT(7.69e+04@373)  APLY_PREM_ACUMAMT_EXP(7.69e+04@373)  SOFF_BF_TMRFND(7.69e+04@373)
  [ 134/500] IDNO=  142957   177mo  0.0s  [PASS]
  [ 135/500] IDNO=  143448   162mo  0.0s  [FAIL]  SOFF_AF_TMRFND(2.99e+03@0)
  [ 136/500] IDNO=  144833   190mo  0.0s  [PASS]
  [ 137/500] IDNO=  144968   162mo  0.0s  [FAIL]  SOFF_AF_TMRFND(1.30e+03@0)
  [ 138/500] IDNO=  149259   205mo  0.0s  [PASS]
  [ 139/500] IDNO=  154138   814mo  0.0s  [PASS]
  [ 140/500] IDNO=  154770   162mo  0.0s  [PASS]
  [ 141/500] IDNO=  158129   477mo  0.0s  [PASS]
  [ 142/500] IDNO=  163975   829mo  0.0s  [PASS]
  [ 143/500] IDNO=  166279   161mo  0.0s  [PASS]
  [ 144/500] IDNO=  171685  1018mo  0.0s  [PASS]
  [ 145/500] IDNO=  180558   131mo  0.0s  [PASS]
  [ 146/500] IDNO=  184479   934mo  0.0s  [PASS]
  [ 147/500] IDNO=  185724   100mo  0.0s  [PASS]
  [ 148/500] IDNO=  187869   163mo  0.0s  [PASS]
  [ 149/500] IDNO=  189893   202mo  0.0s  [PASS]
  [ 150/500] IDNO=  190509   163mo  0.0s  [FAIL]  ACUM_NPREM(1.27e+01@0)  APLY_PREM_ACUMAMT_BNFT(1.06e+02@162)  APLY_PREM_ACUMAMT_EXP(1.06e+02@162)
  [ 151/500] IDNO=  191510   104mo  0.0s  [PASS]
  [ 152/500] IDNO=  195905   781mo  0.0s  [PASS]
  [ 153/500] IDNO=  206231   155mo  0.0s  [FAIL]  APLY_PREM_ACUMAMT_BNFT(4.07e+04@154)  APLY_PREM_ACUMAMT_EXP(4.07e+04@154)  SOFF_BF_TMRFND(4.07e+04@154)
  [ 154/500] IDNO=  213108    27mo  0.0s  [PASS]
  [ 155/500] IDNO=  213612    24mo  0.0s  [PASS]
  [ 156/500] IDNO=  213754    30mo  0.0s  [PASS]
  [ 157/500] IDNO=  217918    24mo  0.0s  [PASS]
  [ 158/500] IDNO=  218946   657mo  0.0s  [PASS]
  [ 159/500] IDNO=  219581    28mo  0.0s  [PASS]
  [ 160/500] IDNO=  220833   434mo  0.0s  [PASS]
  [ 161/500] IDNO=  224123   682mo  0.0s  [PASS]
  [ 162/500] IDNO=  224629    20mo  0.0s  [PASS]
  [ 163/500] IDNO=  224789   608mo  0.0s  [PASS]
  [ 164/500] IDNO=  227532  1065mo  0.0s  [PASS]
  [ 165/500] IDNO=  231849   104mo  0.0s  [FAIL]  ACUM_NPREM(4.80e+01@0)  APLY_PREM_ACUMAMT_BNFT(4.14e+02@103)  APLY_PREM_ACUMAMT_EXP(4.14e+02@103)
  [ 166/500] IDNO=  232848    26mo  0.0s  [PASS]
  [ 167/500] IDNO=  234856   360mo  0.0s  [FAIL]  APLY_PREM_ACUMAMT_BNFT(1.14e+04@359)  APLY_PREM_ACUMAMT_EXP(1.14e+04@359)  SOFF_BF_TMRFND(1.14e+04@359)
  [ 168/500] IDNO=  238818   521mo  0.0s  [PASS]
  [ 169/500] IDNO=  246663   400mo  0.0s  [PASS]
  [ 170/500] IDNO=  248157    27mo  0.0s  [PASS]
  [ 171/500] IDNO=  255336   355mo  0.0s  [PASS]
  [ 172/500] IDNO=  266003   365mo  0.0s  [PASS]
  [ 173/500] IDNO=  273852   402mo  0.0s  [PASS]
  [ 174/500] IDNO=  274692   327mo  0.0s  [PASS]
  [ 175/500] IDNO=  291104   105mo  0.0s  [PASS]
  [ 176/500] IDNO=  304314    81mo  0.0s  [PASS]
  [ 177/500] IDNO=  305054    95mo  0.0s  [PASS]
  [ 178/500] IDNO=  307027   523mo  0.0s  [PASS]
  [ 179/500] IDNO=  307896   239mo  0.0s  [PASS]
  [ 180/500] IDNO=  308618   164mo  0.0s  [PASS]
  [ 181/500] IDNO=  310876   393mo  0.0s  [PASS]
  [ 182/500] IDNO=  311231   474mo  0.0s  [PASS]
  [ 183/500] IDNO=  311255   162mo  0.0s  [PASS]
  [ 184/500] IDNO=  314314   311mo  0.0s  [PASS]
  [ 185/500] IDNO=  318417   440mo  0.0s  [PASS]
  [ 186/500] IDNO=  320289   418mo  0.0s  [PASS]
  [ 187/500] IDNO=  325641   189mo  0.0s  [PASS]
  [ 188/500] IDNO=  326618   334mo  0.0s  [PASS]
  [ 189/500] IDNO=  333264   847mo  0.0s  [PASS]
  [ 190/500] IDNO=  357216    42mo  0.0s  [PASS]
  [ 191/500] IDNO=  361812   370mo  0.0s  [PASS]
  [ 192/500] IDNO=  381169   162mo  0.0s  [PASS]
  [ 193/500] IDNO=  394276   571mo  0.0s  [PASS]
  [ 194/500] IDNO=  404837   510mo  0.0s  [PASS]
  [ 195/500] IDNO=  412928   512mo  0.0s  [PASS]
  [ 196/500] IDNO=  437542   582mo  0.0s  [PASS]
  [ 197/500] IDNO=  452807   144mo  0.0s  [PASS]
  [ 198/500] IDNO=  457584   203mo  0.0s  [PASS]
  [ 199/500] IDNO=  467546   838mo  0.0s  [PASS]
  [ 200/500] IDNO=  478131   189mo  0.0s  [PASS]
  [ 201/500] IDNO=  481985   167mo  0.0s  [PASS]
  [ 202/500] IDNO=  498046   366mo  0.0s  [PASS]
  [ 203/500] IDNO=  541984    94mo  0.0s  [PASS]
  [ 204/500] IDNO=  547971   720mo  0.0s  [FAIL]  APLY_PREM_ACUMAMT_BNFT(6.38e+05@719)  APLY_PREM_ACUMAMT_EXP(6.38e+05@719)  SOFF_BF_TMRFND(6.38e+05@719)
  [ 205/500] IDNO=  552286   124mo  0.0s  [PASS]
  [ 206/500] IDNO=  558286    12mo  0.0s  [PASS]
  [ 207/500] IDNO=  559494   391mo  0.0s  [PASS]
  [ 208/500] IDNO=  562512   451mo  0.0s  [PASS]
  [ 209/500] IDNO=  566729   165mo  0.0s  [PASS]
  [ 210/500] IDNO=  566891   850mo  0.0s  [PASS]
  [ 211/500] IDNO=  567223   391mo  0.0s  [PASS]
  [ 212/500] IDNO=  567594   510mo  0.0s  [PASS]
  [ 213/500] IDNO=  568696   834mo  0.0s  [PASS]
  [ 214/500] IDNO=  569092  1018mo  0.0s  [PASS]
  [ 215/500] IDNO=  574074    18mo  0.0s  [PASS]
  [ 216/500] IDNO=  576693   623mo  0.0s  [FAIL]  APLY_PREM_ACUMAMT_BNFT(3.80e+05@622)  APLY_PREM_ACUMAMT_EXP(3.80e+05@622)  SOFF_BF_TMRFND(3.80e+05@622)
  [ 217/500] IDNO=  581046   647mo  0.0s  [FAIL]  APLY_PREM_ACUMAMT_BNFT(5.86e+04@646)  APLY_PREM_ACUMAMT_EXP(5.86e+04@646)  SOFF_BF_TMRFND(5.86e+04@646)
  [ 218/500] IDNO=  582265   280mo  0.0s  [PASS]
  [ 219/500] IDNO=  587282   564mo  0.0s  [FAIL]  APLY_PREM_ACUMAMT_BNFT(8.94e+05@563)  APLY_PREM_ACUMAMT_EXP(8.94e+05@563)  SOFF_BF_TMRFND(8.94e+05@563)
  [ 220/500] IDNO=  593442   503mo  0.0s  [PASS]
  [ 221/500] IDNO=  599349    95mo  0.0s  [PASS]
  [ 222/500] IDNO=  601584   946mo  0.0s  [PASS]
  [ 223/500] IDNO=  605934   650mo  0.0s  [FAIL]  APLY_PREM_ACUMAMT_BNFT(5.84e+04@649)  APLY_PREM_ACUMAMT_EXP(5.84e+04@649)  SOFF_BF_TMRFND(5.84e+04@649)
  [ 224/500] IDNO=  606846   621mo  0.0s  [PASS]
  [ 225/500] IDNO=  610326   372mo  0.0s  [FAIL]  APLY_PREM_ACUMAMT_BNFT(2.80e+05@371)  APLY_PREM_ACUMAMT_EXP(2.80e+05@371)  SOFF_BF_TMRFND(2.80e+05@371)
  [ 226/500] IDNO=  622581   416mo  0.0s  [PASS]
  [ 227/500] IDNO=  623333   358mo  0.0s  [PASS]
  [ 228/500] IDNO=  623509   321mo  0.0s  [PASS]
  [ 229/500] IDNO=  625314   195mo  0.0s  [PASS]
  [ 230/500] IDNO=  625320   263mo  0.0s  [PASS]
  [ 231/500] IDNO=  626419   449mo  0.0s  [PASS]
  [ 232/500] IDNO=  627177   390mo  0.0s  [PASS]
  [ 233/500] IDNO=  627674   644mo  0.0s  [PASS]
  [ 234/500] IDNO=  628783   414mo  0.0s  [PASS]
  [ 235/500] IDNO=  628790   620mo  0.0s  [PASS]
  [ 236/500] IDNO=  629909   318mo  0.0s  [PASS]
  [ 237/500] IDNO=  630037   740mo  0.0s  [PASS]
  [ 238/500] IDNO=  630150   727mo  0.0s  [PASS]
  [ 239/500] IDNO=  630525   299mo  0.0s  [PASS]
  [ 240/500] IDNO=  632101    97mo  0.0s  [PASS]
  [ 241/500] IDNO=  632283   726mo  0.0s  [PASS]
  [ 242/500] IDNO=  637385   368mo  0.0s  [PASS]
  [ 243/500] IDNO=  640012   905mo  0.0s  [PASS]
  [ 244/500] IDNO=  641770   343mo  0.0s  [PASS]
  [ 245/500] IDNO=  642005   228mo  0.0s  [PASS]
  [ 246/500] IDNO=  642764   157mo  0.0s  [PASS]
  [ 247/500] IDNO=  643647   905mo  0.0s  [PASS]
  [ 248/500] IDNO=  644001   645mo  0.0s  [PASS]
  [ 249/500] IDNO=  644142   428mo  0.0s  [PASS]
  [ 250/500] IDNO=  644395    11mo  0.0s  [PASS]
  [ 251/500] IDNO=  645032   292mo  0.0s  [PASS]
  [ 252/500] IDNO=  645655   333mo  0.0s  [PASS]
  [ 253/500] IDNO=  647156   249mo  0.0s  [PASS]
  [ 254/500] IDNO=  647692   533mo  0.0s  [PASS]
  [ 255/500] IDNO=  647910   440mo  0.0s  [PASS]
  [ 256/500] IDNO=  648523   558mo  0.0s  [PASS]
  [ 257/500] IDNO=  649265   534mo  0.0s  [PASS]
  [ 258/500] IDNO=  649268   510mo  0.0s  [PASS]
  [ 259/500] IDNO=  651900   143mo  0.0s  [PASS]
  [ 260/500] IDNO=  665761   606mo  0.0s  [PASS]
  [ 261/500] IDNO=  669674   799mo  0.0s  [PASS]
  [ 262/500] IDNO=  683576   588mo  0.0s  [FAIL]  APLY_PREM_ACUMAMT_BNFT(5.60e+03@587)  APLY_PREM_ACUMAMT_EXP(5.60e+03@587)  SOFF_BF_TMRFND(5.60e+03@587)
  [ 263/500] IDNO=  685697   407mo  0.0s  [FAIL]  APLY_PREM_ACUMAMT_BNFT(8.82e+03@406)  APLY_PREM_ACUMAMT_EXP(8.82e+03@406)  SOFF_BF_TMRFND(8.82e+03@406)
  [ 264/500] IDNO=  686303   488mo  0.0s  [PASS]
  [ 265/500] IDNO=  687607   834mo  0.0s  [PASS]
  [ 266/500] IDNO=  687663   523mo  0.0s  [FAIL]  ACUM_NPREM(1.85e+01@0)  APLY_PREM_ACUMAMT_BNFT(3.75e+02@522)  APLY_PREM_ACUMAMT_EXP(3.75e+02@522)
  [ 267/500] IDNO=  693126   393mo  0.0s  [PASS]
  [ 268/500] IDNO=  693556   379mo  0.0s  [FAIL]  ACUM_NPREM(1.58e+01@0)  APLY_PREM_ACUMAMT_BNFT(1.95e+02@378)  APLY_PREM_ACUMAMT_EXP(1.95e+02@378)
  [ 269/500] IDNO=  699928   355mo  0.0s  [FAIL]  ACUM_NPREM(8.27e+00@0)  APLY_PREM_ACUMAMT_BNFT(9.82e+01@354)  APLY_PREM_ACUMAMT_EXP(9.82e+01@354)
  [ 270/500] IDNO=  700119   463mo  0.0s  [PASS]
  [ 271/500] IDNO=  701792   288mo  0.0s  [FAIL]  APLY_PREM_ACUMAMT_BNFT(2.37e+04@287)  APLY_PREM_ACUMAMT_EXP(2.37e+04@287)  SOFF_BF_TMRFND(2.37e+04@287)
  [ 272/500] IDNO=  702786    33mo  0.0s  [PASS]
  [ 273/500] IDNO=  705009   265mo  0.0s  [FAIL]  APLY_PREM_ACUMAMT_BNFT(3.61e+05@264)  APLY_PREM_ACUMAMT_EXP(3.61e+05@264)  SOFF_BF_TMRFND(3.61e+05@264)
  [ 274/500] IDNO=  707305   415mo  0.0s  [PASS]
  [ 275/500] IDNO=  709581   470mo  0.0s  [FAIL]  APLY_PREM_ACUMAMT_BNFT(7.24e+03@469)  APLY_PREM_ACUMAMT_EXP(7.24e+03@469)  SOFF_BF_TMRFND(7.24e+03@469)
  [ 276/500] IDNO=  716601   546mo  0.0s  [FAIL]  ACUM_NPREM(1.23e+01@0)  APLY_PREM_ACUMAMT_BNFT(1.74e+02@545)  APLY_PREM_ACUMAMT_EXP(1.74e+02@545)
  [ 277/500] IDNO=  717209   570mo  0.0s  [PASS]
  [ 278/500] IDNO=  720061   307mo  0.0s  [FAIL]  ACUM_NPREM(8.62e+00@0)  APLY_PREM_ACUMAMT_BNFT(9.38e+01@306)  APLY_PREM_ACUMAMT_EXP(9.38e+01@306)
  [ 279/500] IDNO=  721893   560mo  0.0s  [FAIL]  ACUM_NPREM(7.05e+00@0)  APLY_PREM_ACUMAMT_BNFT(1.41e+02@559)  APLY_PREM_ACUMAMT_EXP(1.41e+02@559)
  [ 280/500] IDNO=  724181   594mo  0.0s  [PASS]
  [ 281/500] IDNO=  724372   536mo  0.0s  [FAIL]  ACUM_NPREM(2.33e+01@0)  APLY_PREM_ACUMAMT_BNFT(5.97e+02@535)  APLY_PREM_ACUMAMT_EXP(5.97e+02@535)
  [ 282/500] IDNO=  728508    18mo  0.0s  [FAIL]  APLY_PREM_ACUMAMT_BNFT(8.12e-01@17)  APLY_PREM_ACUMAMT_EXP(8.12e-01@17)  SOFF_BF_TMRFND(8.12e-01@17)
  [ 283/500] IDNO=  728688   285mo  0.0s  [PASS]
  [ 284/500] IDNO=  738055   642mo  0.0s  [PASS]
  [ 285/500] IDNO=  742098   690mo  0.0s  [FAIL]  ACUM_NPREM(4.96e+00@0)  APLY_PREM_ACUMAMT_BNFT(8.96e+01@689)  APLY_PREM_ACUMAMT_EXP(8.96e+01@689)
  [ 286/500] IDNO=  742466   596mo  0.0s  [FAIL]  ACUM_NPREM(6.70e+00@0)  APLY_PREM_ACUMAMT_BNFT(1.43e+02@595)  APLY_PREM_ACUMAMT_EXP(1.43e+02@595)
  [ 287/500] IDNO=  751960   491mo  0.0s  [PASS]
  [ 288/500] IDNO=  756467   240mo  0.0s  [FAIL]  APLY_PREM_ACUMAMT_BNFT(5.47e+03@239)  APLY_PREM_ACUMAMT_EXP(5.47e+03@239)  SOFF_BF_TMRFND(5.47e+03@239)
  [ 289/500] IDNO=  760520   391mo  0.0s  [FAIL]  ACUM_NPREM(7.66e+00@0)  APLY_PREM_ACUMAMT_BNFT(9.71e+01@390)  APLY_PREM_ACUMAMT_EXP(9.71e+01@390)
  [ 290/500] IDNO=  761539   551mo  0.0s  [PASS]
  [ 291/500] IDNO=  770010   856mo  0.0s  [FAIL]  ACUM_NPREM(3.48e+02@0)  APLY_PREM_ACUMAMT_BNFT(5.80e+03@855)  APLY_PREM_ACUMAMT_EXP(5.80e+03@855)
  [ 292/500] IDNO=  774508   215mo  0.0s  [FAIL]  APLY_PREM_ACUMAMT_BNFT(4.02e+04@214)  APLY_PREM_ACUMAMT_EXP(4.02e+04@214)  SOFF_BF_TMRFND(4.02e+04@214)
  [ 293/500] IDNO=  778055    37mo  0.0s  [PASS]
  [ 294/500] IDNO=  779020   228mo  0.0s  [FAIL]  APLY_PREM_ACUMAMT_BNFT(2.60e+04@227)  APLY_PREM_ACUMAMT_EXP(2.60e+04@227)  SOFF_BF_TMRFND(2.60e+04@227)
  [ 295/500] IDNO=  791865   391mo  0.0s  [PASS]
  [ 296/500] IDNO=  813583    26mo  0.0s  [PASS]
  [ 297/500] IDNO=  878038   659mo  0.0s  [PASS]
  [ 298/500] IDNO=  887789    14mo  0.0s  [PASS]
  [ 299/500] IDNO=  899873    11mo  0.0s  [PASS]
  [ 300/500] IDNO=  900438   469mo  0.0s  [PASS]
  [ 301/500] IDNO=  920787   124mo  0.0s  [PASS]
  [ 302/500] IDNO=  921419     6mo  0.0s  [PASS]
  [ 303/500] IDNO=  931805   541mo  0.0s  [PASS]
  [ 304/500] IDNO=  943167    20mo  0.0s  [PASS]
  [ 305/500] IDNO=  954734   578mo  0.0s  [PASS]
  [ 306/500] IDNO=  976901    10mo  0.0s  [FAIL]  APLY_PREM_ACUMAMT_BNFT(5.33e+01@9)  APLY_PREM_ACUMAMT_EXP(5.33e+01@9)  SOFF_BF_TMRFND(5.33e+01@9)
  [ 307/500] IDNO=  987331   861mo  0.0s  [PASS]
  [ 308/500] IDNO=  987542   793mo  0.0s  [PASS]
  [ 309/500] IDNO=  990445   645mo  0.0s  [PASS]
  [ 310/500] IDNO=  990807   621mo  0.0s  [PASS]
  [ 311/500] IDNO=  992606   746mo  0.0s  [FAIL]  ACUM_NPREM(7.99e+01@0)  APLY_PREM_ACUMAMT_BNFT(9.02e+02@745)  APLY_PREM_ACUMAMT_EXP(9.02e+02@745)
  [ 312/500] IDNO=  999810   838mo  0.0s  [PASS]
  [ 313/500] IDNO= 1003320   566mo  0.0s  [FAIL]  ACUM_NPREM(1.72e+01@0)  APLY_PREM_ACUMAMT_BNFT(9.93e+01@565)  APLY_PREM_ACUMAMT_EXP(9.93e+01@565)
  [ 314/500] IDNO= 1007493   482mo  0.0s  [PASS]
  [ 315/500] IDNO= 1009883   566mo  0.0s  [PASS]
  [ 316/500] IDNO= 1010985   682mo  0.0s  [PASS]
  [ 317/500] IDNO= 1015289   722mo  0.0s  [PASS]
  [ 318/500] IDNO= 1033340   511mo  0.0s  [PASS]
  [ 319/500] IDNO= 1034545   681mo  0.0s  [PASS]
  [ 320/500] IDNO= 1037170   573mo  0.0s  [PASS]
  [ 321/500] IDNO= 1048470    11mo  0.0s  [PASS]
  [ 322/500] IDNO= 1048602  1005mo  0.0s  [PASS]
  [ 323/500] IDNO= 1048823   621mo  0.0s  [PASS]
  [ 324/500] IDNO= 1052735   826mo  0.0s  [PASS]
  [ 325/500] IDNO= 1053280   442mo  0.0s  [PASS]
  [ 326/500] IDNO= 1054130   673mo  0.0s  [PASS]
  [ 327/500] IDNO= 1054912   634mo  0.0s  [PASS]
  [ 328/500] IDNO= 1058792   613mo  0.0s  [PASS]
  [ 329/500] IDNO= 1059363   706mo  0.0s  [PASS]
  [ 330/500] IDNO= 1060342   850mo  0.0s  [PASS]
  [ 331/500] IDNO= 1060347   466mo  0.0s  [PASS]
  [ 332/500] IDNO= 1060457   814mo  0.0s  [PASS]
  [ 333/500] IDNO= 1068610   862mo  0.0s  [PASS]
  [ 334/500] IDNO= 1070982    49mo  0.0s  [PASS]
  [ 335/500] IDNO= 1073058    94mo  0.0s  [PASS]
  [ 336/500] IDNO= 1075981   573mo  0.0s  [PASS]
  [ 337/500] IDNO= 1079394   777mo  0.0s  [PASS]
  [ 338/500] IDNO= 1079552   658mo  0.0s  [PASS]
  [ 339/500] IDNO= 1079869   454mo  0.0s  [PASS]
  [ 340/500] IDNO= 1083540   813mo  0.0s  [PASS]
  [ 341/500] IDNO= 1085162   753mo  0.0s  [PASS]
  [ 342/500] IDNO= 1101454   729mo  0.0s  [PASS]
  [ 343/500] IDNO= 1104152   910mo  0.0s  [PASS]
  [ 344/500] IDNO= 1104537   657mo  0.0s  [PASS]
  [ 345/500] IDNO= 1106926   658mo  0.0s  [PASS]
  [ 346/500] IDNO= 1107047   157mo  0.0s  [PASS]
  [ 347/500] IDNO= 1107628   537mo  0.0s  [PASS]
  [ 348/500] IDNO= 1109410   718mo  0.0s  [PASS]
  [ 349/500] IDNO= 1145659    48mo  0.0s  [PASS]
  [ 350/500] IDNO= 1164316   511mo  0.0s  [FAIL]  APLY_PREM_ACUMAMT_BNFT(1.62e+02@510)  APLY_PREM_ACUMAMT_EXP(1.62e+02@510)  SOFF_BF_TMRFND(1.62e+02@510)
  [ 351/500] IDNO= 1186501   155mo  0.0s  [PASS]
  [ 352/500] IDNO= 1189611   395mo  0.0s  [PASS]
  [ 353/500] IDNO= 1190789   160mo  0.0s  [PASS]
  [ 354/500] IDNO= 1206717   163mo  0.0s  [PASS]
  [ 355/500] IDNO= 1210323   733mo  0.0s  [PASS]
  [ 356/500] IDNO= 1220972    12mo  0.0s  [PASS]
  [ 357/500] IDNO= 1221371    43mo  0.0s  [PASS]
  [ 358/500] IDNO= 1228700   637mo  0.0s  [PASS]
  [ 359/500] IDNO= 1255551   863mo  0.0s  [PASS]
  [ 360/500] IDNO= 1261284   718mo  0.0s  [PASS]
  [ 361/500] IDNO= 1267464   501mo  0.0s  [PASS]
  [ 362/500] IDNO= 1267499   849mo  0.0s  [PASS]
  [ 363/500] IDNO= 1270934   429mo  0.0s  [PASS]
  [ 364/500] IDNO= 1272395   705mo  0.0s  [PASS]
  [ 365/500] IDNO= 1273201   441mo  0.0s  [PASS]
  [ 366/500] IDNO= 1274221   681mo  0.0s  [PASS]
  [ 367/500] IDNO= 1274775   706mo  0.0s  [PASS]
  [ 368/500] IDNO= 1274776   693mo  0.0s  [PASS]
  [ 369/500] IDNO= 1279739   622mo  0.0s  [PASS]
  [ 370/500] IDNO= 1279806   693mo  0.0s  [PASS]
  [ 371/500] IDNO= 1280964   417mo  0.0s  [PASS]
  [ 372/500] IDNO= 1283033   802mo  0.0s  [PASS]
  [ 373/500] IDNO= 1284860   334mo  0.0s  [PASS]
  [ 374/500] IDNO= 1286734   681mo  0.0s  [PASS]
  [ 375/500] IDNO= 1287280   753mo  0.0s  [PASS]
  [ 376/500] IDNO= 1287737   537mo  0.0s  [PASS]
  [ 377/500] IDNO= 1287910   682mo  0.0s  [PASS]
  [ 378/500] IDNO= 1288304   730mo  0.0s  [PASS]
  [ 379/500] IDNO= 1292661   561mo  0.0s  [PASS]
  [ 380/500] IDNO= 1293518   490mo  0.0s  [PASS]
  [ 381/500] IDNO= 1294661   741mo  0.0s  [PASS]
  [ 382/500] IDNO= 1298604   454mo  0.0s  [PASS]
  [ 383/500] IDNO= 1298845   934mo  0.0s  [PASS]
  [ 384/500] IDNO= 1299393   657mo  0.0s  [PASS]
  [ 385/500] IDNO= 1299500   789mo  0.0s  [PASS]
  [ 386/500] IDNO= 1302971   598mo  0.0s  [PASS]
  [ 387/500] IDNO= 1303144   909mo  0.0s  [PASS]
  [ 388/500] IDNO= 1305734   897mo  0.0s  [PASS]
  [ 389/500] IDNO= 1306154   634mo  0.0s  [PASS]
  [ 390/500] IDNO= 1306457   670mo  0.0s  [PASS]
  [ 391/500] IDNO= 1306579   790mo  0.0s  [PASS]
  [ 392/500] IDNO= 1308069   861mo  0.0s  [PASS]
  [ 393/500] IDNO= 1309413   670mo  0.0s  [PASS]
  [ 394/500] IDNO= 1309982   753mo  0.0s  [PASS]
  [ 395/500] IDNO= 1311062   753mo  0.0s  [PASS]
  [ 396/500] IDNO= 1311986   598mo  0.0s  [PASS]
  [ 397/500] IDNO= 1314953   538mo  0.0s  [PASS]
  [ 398/500] IDNO= 1315740   573mo  0.0s  [PASS]
  [ 399/500] IDNO= 1316192   502mo  0.0s  [PASS]
  [ 400/500] IDNO= 1318030   607mo  0.0s  [PASS]
  [ 401/500] IDNO= 1318330   934mo  0.0s  [PASS]
  [ 402/500] IDNO= 1318920   466mo  0.0s  [PASS]
  [ 403/500] IDNO= 1319139   789mo  0.0s  [PASS]
  [ 404/500] IDNO= 1324415   741mo  0.0s  [PASS]
  [ 405/500] IDNO= 1324623   838mo  0.0s  [PASS]
  [ 406/500] IDNO= 1325032   705mo  0.0s  [PASS]
  [ 407/500] IDNO= 1331768   753mo  0.0s  [PASS]
  [ 408/500] IDNO= 1332305   658mo  0.0s  [PASS]
  [ 409/500] IDNO= 1332455   694mo  0.0s  [PASS]
  [ 410/500] IDNO= 1332614   453mo  0.0s  [PASS]
  [ 411/500] IDNO= 1333784   742mo  0.0s  [PASS]
  [ 412/500] IDNO= 1335723   729mo  0.0s  [PASS]
  [ 413/500] IDNO= 1340723   838mo  0.0s  [PASS]
  [ 414/500] IDNO= 1341845   490mo  0.0s  [PASS]
  [ 415/500] IDNO= 1344883   645mo  0.0s  [PASS]
  [ 416/500] IDNO= 1348576   562mo  0.0s  [PASS]
  [ 417/500] IDNO= 1349956   729mo  0.0s  [PASS]
  [ 418/500] IDNO= 1350143   465mo  0.0s  [PASS]
  [ 419/500] IDNO= 1350260   622mo  0.0s  [PASS]
  [ 420/500] IDNO= 1350514   621mo  0.0s  [PASS]
  [ 421/500] IDNO= 1352132   777mo  0.0s  [PASS]
  [ 422/500] IDNO= 1354030   477mo  0.0s  [PASS]
  [ 423/500] IDNO= 1354157   477mo  0.0s  [PASS]
  [ 424/500] IDNO= 1355036   466mo  0.0s  [PASS]
  [ 425/500] IDNO= 1357809   778mo  0.0s  [PASS]
  [ 426/500] IDNO= 1365134   600mo  0.0s  [PASS]
  [ 427/500] IDNO= 1365599   144mo  0.0s  [PASS]
  [ 428/500] IDNO= 1366200   750mo  0.0s  [PASS]
  [ 429/500] IDNO= 1366305   154mo  0.0s  [PASS]
  [ 430/500] IDNO= 1366351   479mo  0.0s  [PASS]
  [ 431/500] IDNO= 1366479   884mo  0.0s  [PASS]
  [ 432/500] IDNO= 1366678   860mo  0.0s  [PASS]
  [ 433/500] IDNO= 1366686   277mo  0.0s  [PASS]
  [ 434/500] IDNO= 1366758   277mo  0.0s  [PASS]
  [ 435/500] IDNO= 1367281   392mo  0.0s  [PASS]
  [ 436/500] IDNO= 1371194    96mo  0.0s  [PASS]
  [ 437/500] IDNO= 1418143   309mo  0.0s  [PASS]
  [ 438/500] IDNO= 1420134   814mo  0.0s  [PASS]
  [ 439/500] IDNO= 1421421   681mo  0.0s  [PASS]
  [ 440/500] IDNO= 1422442   466mo  0.0s  [PASS]
  [ 441/500] IDNO= 1422491   537mo  0.0s  [PASS]
  [ 442/500] IDNO= 1423116   850mo  0.0s  [PASS]
  [ 443/500] IDNO= 1423205   790mo  0.0s  [PASS]
  [ 444/500] IDNO= 1423283   658mo  0.0s  [PASS]
  [ 445/500] IDNO= 1423294   670mo  0.0s  [PASS]
  [ 446/500] IDNO= 1423496  1101mo  0.0s  [PASS]
  [ 447/500] IDNO= 1423732   562mo  0.0s  [PASS]
  [ 448/500] IDNO= 1423972   897mo  0.0s  [PASS]
  [ 449/500] IDNO= 1424342   874mo  0.0s  [PASS]
  [ 450/500] IDNO= 1424375  1006mo  0.0s  [PASS]
  [ 451/500] IDNO= 1425059   465mo  0.0s  [PASS]
  [ 452/500] IDNO= 1425069   454mo  0.0s  [PASS]
  [ 453/500] IDNO= 1426024   430mo  0.0s  [PASS]
  [ 454/500] IDNO= 1426448   934mo  0.0s  [PASS]
  [ 455/500] IDNO= 1426515   694mo  0.0s  [PASS]
  [ 456/500] IDNO= 1426891   802mo  0.0s  [PASS]
  [ 457/500] IDNO= 1427373     5mo  0.0s  [PASS]
  [ 458/500] IDNO= 1427749   837mo  0.0s  [PASS]
  [ 459/500] IDNO= 1427950   682mo  0.0s  [PASS]
  [ 460/500] IDNO= 1427986   706mo  0.0s  [PASS]
  [ 461/500] IDNO= 1428032   849mo  0.0s  [PASS]
  [ 462/500] IDNO= 1428572   790mo  0.0s  [PASS]
  [ 463/500] IDNO= 1428712   873mo  0.0s  [PASS]
  [ 464/500] IDNO= 1428740   693mo  0.0s  [PASS]
  [ 465/500] IDNO= 1428838   801mo  0.0s  [PASS]
  [ 466/500] IDNO= 1428839   801mo  0.0s  [PASS]
  [ 467/500] IDNO= 1429013   477mo  0.0s  [PASS]
  [ 468/500] IDNO= 1429093   957mo  0.0s  [PASS]
  [ 469/500] IDNO= 1430272   885mo  0.0s  [PASS]
  [ 470/500] IDNO= 1430607   729mo  0.0s  [PASS]
  [ 471/500] IDNO= 1430617   718mo  0.0s  [PASS]
  [ 472/500] IDNO= 1430892   646mo  0.0s  [PASS]
  [ 473/500] IDNO= 1430935   790mo  0.0s  [PASS]
  [ 474/500] IDNO= 1431014   862mo  0.0s  [PASS]
  [ 475/500] IDNO= 1431065   874mo  0.0s  [PASS]
  [ 476/500] IDNO= 1431218   922mo  0.0s  [PASS]
  [ 477/500] IDNO= 1431428   813mo  0.0s  [PASS]
  [ 478/500] IDNO= 1431459   910mo  0.0s  [PASS]
  [ 479/500] IDNO= 1431556   574mo  0.0s  [PASS]
  [ 480/500] IDNO= 1431877   622mo  0.0s  [PASS]
  [ 481/500] IDNO= 1432077   574mo  0.0s  [PASS]
  [ 482/500] IDNO= 1432222   826mo  0.0s  [PASS]
  [ 483/500] IDNO= 1432291   861mo  0.0s  [PASS]
  [ 484/500] IDNO= 1432476   754mo  0.0s  [PASS]
  [ 485/500] IDNO= 1432817   814mo  0.0s  [PASS]
  [ 486/500] IDNO= 1432995   621mo  0.0s  [PASS]
  [ 487/500] IDNO= 1433072   585mo  0.0s  [PASS]
  [ 488/500] IDNO= 1433414   790mo  0.0s  [PASS]
  [ 489/500] IDNO= 1434615   549mo  0.0s  [PASS]
  [ 490/500] IDNO= 1434651   405mo  0.0s  [PASS]
  [ 491/500] IDNO= 1435134   669mo  0.0s  [PASS]
  [ 492/500] IDNO= 1435166   825mo  0.0s  [PASS]
  [ 493/500] IDNO= 1435319   910mo  0.0s  [PASS]
  [ 494/500] IDNO= 1435774   753mo  0.0s  [PASS]
  [ 495/500] IDNO= 1436214   922mo  0.0s  [PASS]
  [ 496/500] IDNO= 1436254   658mo  0.0s  [PASS]
  [ 497/500] IDNO= 1436420  1101mo  0.0s  [PASS]
  [ 498/500] IDNO= 1436546   126mo  0.0s  [PASS]
  [ 499/500] IDNO= 1436704   813mo  0.0s  [PASS]
  [ 500/500] IDNO= 1436769   837mo  0.0s  [PASS]

================================================================================
결과: PASS=416, FAIL=84, ERROR=0, 총=500
  (LA0217Y=156건 별도 분리, Phase 2)
================================================================================

[LA0217Y 제외] 344건:
  항목                          PASS   FAIL     Max Diff
  -----------------------------------------------------
  CTR_AFT_PASS_MMCNT           344      0     0.00e+00
  PREM_PAY_YN                  344      0     0.00e+00
  ORIG_PREM                    344      0     0.00e+00
  DC_PREM                      344      0     0.00e+00
  ACUM_NPREM                   328     16     3.48e+02
  ACUM_NPREM_PRPD              344      0     0.00e+00
  PRPD_MMCNT                   344      0     0.00e+00
  PRPD_PREM                    344      0     0.00e+00
  PAD_PREM                     344      0     0.00e+00
  ADD_ACCMPT_GPREM             344      0     0.00e+00
  ADD_ACCMPT_NPREM             344      0     0.00e+00
  ACQSEXP1_BIZEXP              344      0     0.00e+00
  ACQSEXP2_BIZEXP              344      0     0.00e+00
  AFPAY_MNTEXP                 344      0     0.00e+00
  LUMPAY_BIZEXP                344      0     0.00e+00
  PAY_GRCPR_ACQSEXP            344      0     0.00e+00
  YSTR_RSVAMT                  344      0     0.00e+00
  YYEND_RSVAMT                 344      0     0.00e+00
  YSTR_RSVAMT_TRM              344      0     0.00e+00
  YYEND_RSVAMT_TRM             344      0     0.00e+00
  PENS_INRT                    344      0     0.00e+00
  PENS_DEFRY_RT                344      0     0.00e+00
  PENS_ANNUAL_SUM              344      0     0.00e+00
  HAFWAY_WDAMT                 344      0     0.00e+00
  APLY_PREM_ACUMAMT_BNFT       262     82     8.94e+05
  APLY_PREM_ACUMAMT_EXP        262     82     8.94e+05
  SOFF_BF_TMRFND               262     82     8.94e+05
  SOFF_AF_TMRFND               260     84     8.94e+05
  LTRMNAT_TMRFND               344      0     4.42e-09
  HAFWAY_WDAMT_ADD             344      0     0.00e+00
  SOFF_BF_TMRFND_ADD           344      0     0.00e+00
  SOFF_AF_TMRFND_ADD           344      0     0.00e+00
  LOAN_NEW                     344      0     0.00e+00
  LOAN_RPAY_MATU               344      0     0.00e+00
  MATU_MAINT_BNS_ACUM_AMT      344      0     0.00e+00

[LA0217Y만] 156건:
  항목                          PASS   FAIL     Max Diff
  -----------------------------------------------------
  CTR_AFT_PASS_MMCNT           156      0     0.00e+00
  PREM_PAY_YN                  156      0     0.00e+00
  ORIG_PREM                    156      0     0.00e+00
  DC_PREM                      156      0     0.00e+00
  ACUM_NPREM                   156      0     0.00e+00
  ACUM_NPREM_PRPD              156      0     0.00e+00
  PRPD_MMCNT                   156      0     0.00e+00
  PRPD_PREM                    156      0     0.00e+00
  PAD_PREM                     156      0     0.00e+00
  ADD_ACCMPT_GPREM             156      0     0.00e+00
  ADD_ACCMPT_NPREM             156      0     0.00e+00
  ACQSEXP1_BIZEXP              156      0     0.00e+00
  ACQSEXP2_BIZEXP              156      0     0.00e+00
  AFPAY_MNTEXP                 156      0     0.00e+00
  LUMPAY_BIZEXP                156      0     0.00e+00
  PAY_GRCPR_ACQSEXP            156      0     0.00e+00
  YSTR_RSVAMT                  156      0     0.00e+00
  YYEND_RSVAMT                 156      0     0.00e+00
  YSTR_RSVAMT_TRM              156      0     0.00e+00
  YYEND_RSVAMT_TRM             156      0     0.00e+00
  PENS_INRT                    156      0     0.00e+00
  PENS_DEFRY_RT                156      0     0.00e+00
  PENS_ANNUAL_SUM              156      0     0.00e+00
  HAFWAY_WDAMT                 156      0     0.00e+00
  APLY_PREM_ACUMAMT_BNFT       156      0     3.38e-09
  APLY_PREM_ACUMAMT_EXP        156      0     3.38e-09
  SOFF_BF_TMRFND               156      0     3.38e-09
  SOFF_AF_TMRFND               156      0     3.38e-09
  LTRMNAT_TMRFND               156      0     4.89e-09
  HAFWAY_WDAMT_ADD             156      0     0.00e+00
  SOFF_BF_TMRFND_ADD           156      0     0.00e+00
  SOFF_AF_TMRFND_ADD           156      0     0.00e+00
  LOAN_NEW                     156      0     0.00e+00
  LOAN_RPAY_MATU               156      0     0.00e+00
  MATU_MAINT_BNS_ACUM_AMT      156      0     0.00e+00
